// Jest Snapshot v1, https://goo.gl/fbAQLP

exports[`Slideshow renders without crashing 1`] = `
<div
  className="slideshow"
>
  <div
    className="viewer"
  >
    <div
      className="image"
    >
      <img
        alt=""
        src="https://farm5.staticflickr.com/4724/39215590324_fa0c4bd546_c.jpg"
      />
      <div
        className="arrow arrow-left"
      >
        <button
          onClick={[Function]}
        >
          &lt;
        </button>
      </div>
      <div
        className="arrow arrow-right"
      >
        <button
          onClick={[Function]}
        >
          &gt;
        </button>
      </div>
    </div>
  </div>
  <div
    className="thumbnails"
  >
    <ul>
      <li
        className=""
        onClick={[Function]}
      >
        <img
          alt=""
          src="https://farm5.staticflickr.com/4757/39027851635_f8bd038f57_t.jpg"
        />
      </li>
      <li
        className=""
        onClick={[Function]}
      >
        <img
          alt=""
          src="https://farm5.staticflickr.com/4724/39215590324_fa0c4bd546_t.jpg"
        />
      </li>
    </ul>
  </div>
</div>
`;
