// Jest Snapshot v1, https://goo.gl/fbAQLP

exports[`Slideshow renders without crashing 1`] = `
<div
  className="slideshow"
>
  <div
    className="viewer"
  >
    <div
      className="image"
    >
      <img
        alt=""
        src="https://farmundefined.staticflickr.com/undefined/undefined_undefined_c.jpg"
      />
    </div>
    <div
      className="arrow arrow-left"
    >
      <a
        href=""
        onClick={[Function]}
      >
        &lt;
      </a>
    </div>
    <div
      className="arrow arrow-right"
    >
      <a
        href=""
        onClick={[Function]}
      >
        &gt;
      </a>
    </div>
  </div>
  <div
    className="thumbnails"
  >
    <ul />
  </div>
</div>
`;
